// Jest Snapshot v1, https://goo.gl/fbAQLP

exports[`renders correctly 1`] = `
<nav
  className="bg-gray-800"
>
  <div
    className="max-w-7xl mx-auto px-2 sm:px-6 lg:px-8"
  >
    <div
      className="relative flex items-center justify-between h-16"
    >
      <div
        className="absolute inset-y-0 left-0 flex items-center sm:hidden"
      >
        <button
          aria-expanded={false}
          className="inline-flex items-center justify-center p-2 rounded-md text-gray-400 hover:text-white hover:bg-gray-700 focus:outline-none focus:ring-2 focus:ring-inset focus:ring-white"
          id="headlessui-disclosure-button-3"
          onClick={[Function]}
          onKeyDown={[Function]}
          onKeyUp={[Function]}
          type="button"
        >
          <span
            className="sr-only"
          >
            Open main menu
          </span>
          <svg
            aria-hidden="true"
            className="block h-6 w-6"
            fill="none"
            stroke="currentColor"
            viewBox="0 0 24 24"
            xmlns="http://www.w3.org/2000/svg"
          >
            <path
              d="M4 6h16M4 12h16M4 18h16"
              strokeLinecap="round"
              strokeLinejoin="round"
              strokeWidth={2}
            />
          </svg>
        </button>
      </div>
      <div
        className="flex-1 flex items-center justify-center sm:items-stretch sm:justify-start"
      >
        <div
          className="flex-shrink-0 flex items-center"
        >
          <h1
            className="text-xl font-bold pb-3 text-center text-white"
          >
            Bloow Africa
          </h1>
        </div>
        <div
          className="hidden sm:block sm:ml-6"
        >
          <div
            className="flex space-x-4"
          >
            <a
              className="bg-gray-900 text-white px-3 py-2 rounded-md text-sm font-medium"
              data-testid="home"
              href="#/#/"
              onClick={[Function]}
            >
              Home
            </a>
            <a
              className="text-gray-300 hover:bg-gray-700 hover:text-white px-3 py-2 rounded-md text-sm font-medium"
              href="#/upload"
              onClick={[Function]}
            >
              Upload
            </a>
             
            <a
              className="text-gray-300 hover:bg-gray-700 hover:text-white px-3 py-2 rounded-md text-sm font-medium"
              data-testid="login"
              href="#/login"
              onClick={[Function]}
            >
              Login
            </a>
            <a
              className="text-gray-300 hover:bg-gray-700 hover:text-white px-3 py-2 rounded-md text-sm font-medium"
              data-testid="register"
              href="#/register"
              onClick={[Function]}
            >
              Register
            </a>
          </div>
        </div>
      </div>
    </div>
  </div>
</nav>
`;
