// Jest Snapshot v1, https://goo.gl/fbAQLP

exports[`renders correctly 1`] = `
<div
  className="w-4/5 md:w-1/3 shadow-2xl m-auto mb-10 mt-5 py-5"
>
  <svg
    aria-hidden="true"
    className="h-12 w-12 mx-auto"
    fill="currentColor"
    viewBox="0 0 20 20"
    xmlns="http://www.w3.org/2000/svg"
  >
    <path
      d="M8 9a3 3 0 100-6 3 3 0 000 6zM8 11a6 6 0 016 6H2a6 6 0 016-6zM16 7a1 1 0 10-2 0v1h-1a1 1 0 100 2h1v1a1 1 0 102 0v-1h1a1 1 0 100-2h-1V7z"
    />
  </svg>
  <h1
    className="text-2xl font-bold pb-3 text-center text-dark-blue"
  >
    Login Here
  </h1>
  <h1
    className="text-center text-lg"
    data-testid="egeneral"
  >
    <span>
      Complete this form correctly
    </span>
  </h1>
  <div
    className="flex flex-col justify-center ml-8"
  >
    <div
      className="mb-3 xl:w-96"
    >
      <label
        className="form-label inline-block mb-2 text-gray-700"
        htmlFor="exampleEmail0"
      >
        Email input
      </label>
      <input
        className="
 form-control
 block
 w-full
 px-3
 py-1.5
 text-base
 font-normal
 text-gray-700
 bg-white bg-clip-padding
 border border-solid border-gray-300
 rounded
 transition
 ease-in-out
 m-0
 focus:text-gray-700 focus:bg-white focus:border-blue-600 focus:outline-none
 "
        data-testid="emailId"
        id="exampleEmail0"
        onChange={[Function]}
        placeholder="Email input"
        type="email"
        value=""
      />
      <h2
        className="text-center text-md text-red-600"
        data-testid="eemail"
      >
        
      </h2>
    </div>
    <div
      className="mb-3 xl:w-96"
    >
      <label
        className="form-label inline-block mb-2 text-gray-700"
        htmlFor="examplePassword0"
      >
        Password input
      </label>
      <input
        className="
 form-control
 block
 w-full
 px-3
 py-1.5
 text-base
 font-normal
 text-gray-700
 bg-white bg-clip-padding
 border border-solid border-gray-300
 rounded
 transition
 ease-in-out
 m-0
 focus:text-gray-700 focus:bg-white focus:border-blue-600 focus:outline-none
 "
        data-testid="passwordId"
        id="examplePassword0"
        onChange={[Function]}
        placeholder="Password input"
        type="password"
        value=""
      />
      <h2
        className="text-center text-md text-red-600"
        data-testid="epassword"
      >
        
      </h2>
    </div>
    <div
      className="flex space-x-2 justify-center mb-3"
    >
      <button
        className="inline-block px-6 py-2.5 bg-blue-600
 text-white font-medium text-xs leading-tight uppercase rounded shadow-md 
 hover:bg-blue-700 hover:shadow-lg focus:bg-blue-700 focus:shadow-lg focus:outline-none
 focus:ring-0 active:bg-blue-800 active:shadow-lg 
 transition duration-150 ease-in-out"
        data-testid="loginid"
        onClick={[Function]}
        type="button"
      >
        <span>
          Login
        </span>
      </button>
    </div>
  </div>
  <div
    className="mb-3"
  >
    <h1
      className="text-center"
    >
      Don't have an account ?
    </h1>
    <a
      href="#/register"
      onClick={[Function]}
    >
      <h1
        className="text-center text-blue-600 text-sm"
      >
        Register here
      </h1>
    </a>
  </div>
</div>
`;
