// Jest Snapshot v1, https://goo.gl/fbAQLP

exports[`renders correctly 1`] = `
<div
  className="object-bottom"
>
  <footer
    className="bg-gray-200 text-center lg:text-left h-14 "
  >
    <div
      className="text-gray-700 text-center p-4"
    >
      Â© 2022 Copyright:
      <a
        className="text-gray-800"
        href="https://tailwind-elements.com/"
      >
        Bloow Africa
      </a>
    </div>
  </footer>
</div>
`;
